==========================================
Job ID: 117049
Job Name: lagrag_pipeline
Node: callisto
Start Time: Thu Jan 15 01:27:42 PM CET 2026
Working Directory: /data/users/spreitz/LagRag
==========================================
Starting pipeline...
================================================================================
RAG PIPELINE TEST
================================================================================

[1/4] Loading documents from /data/users/spreitz/LagRag/data/sfs_lagboken_1990plus_filtered.jsonl...
Loaded 3521 total documents
Processing 2000 documents for testing

First document:
  SFS nr: 1991:1881
  Type: förordning
  Title: Förordning (1991:1881) om medgivande enligt sjömanslagen (1973:282)...
  Content length: 1186 characters
 min words: 30, max words: 200,overlap: 2,surrounding params: True, short doc th 100 

[2/4] Chunking documents...
Warning: 299 chunks below min_words, 1544 chunks above max_words
Created 37180 chunks from 2000 documents

================================================================================
CHUNK SUMMARY
================================================================================
Total chunks created: 37180

Chunks per paragraph (top 10):
  3 §: 4175 chunk(s)
  2 §: 3144 chunk(s)
  1 §: 2780 chunk(s)
  4 §: 2062 chunk(s)
  6 §: 1921 chunk(s)
  5 §: 1914 chunk(s)
  7 §: 1669 chunk(s)
  8 §: 1364 chunk(s)
  10 §: 1225 chunk(s)
  9 §: 1204 chunk(s)

================================================================================
SAMPLE CHUNKS (first 5 chunks)
================================================================================

--- Chunk 1 ---
SFS nr: 1991:1881
Type: förordning
Paragraph: 1 §
Has surrounding context: Yes
Context paragraphs: 1 §, 2 §
Word count: ~70 words
Content preview:
  1 § Frågor om medgivande enligt 59 § sjömanslagen (1973:282), 4 §
mönstringslagen (1983:929) och 7 § förordningen (1989:548) om
tillstånd för anställning på fartyg prövas av
Transportstyrelsen. Vid pr...
  ... (342 more characters)

--- Chunk 2 ---
SFS nr: 1991:1881
Type: förordning
Paragraph: 2 §
Has surrounding context: Yes
Context paragraphs: 1 §, 2 §, 3 §
Word count: ~108 words
Content preview:
  1 § Frågor om medgivande enligt 59 § sjömanslagen (1973:282), 4 §
mönstringslagen (1983:929) och 7 § förordningen (1989:548) om
tillstånd för anställning på fartyg prövas av
Transportstyrelsen. Vid pr...
  ... (626 more characters)

--- Chunk 3 ---
SFS nr: 1991:1881
Type: förordning
Paragraph: 3 §
Has surrounding context: Yes
Context paragraphs: 2 §, 3 §, 4 §
Word count: ~66 words
Content preview:
  2 § Innan ärendet avgörs skall Transportstyrelsen samråda med
berörda svenska organisationer för redare och ombordanställda.
Förordning (2008:1160).

3 § Transportstyrelsen skall med eget yttrande öve...
  ... (319 more characters)

--- Chunk 4 ---
SFS nr: 1991:1881
Type: förordning
Paragraph: 4 §
Has surrounding context: Yes
Context paragraphs: 3 §, 4 §
Word count: ~48 words
Content preview:
  3 § Transportstyrelsen skall med eget yttrande överlämna ärendet till
regeringens prövning om

1. någon av de ombordanställdas organisationer har motsatt sig bifall
till ansökan, eller

2. ärendet bed...
  ... (169 more characters)

--- Chunk 5 ---
SFS nr: 1991:1886
Type: lag
Paragraph: 1 §
Has surrounding context: Yes
Context paragraphs: 1 §, 2 §
Word count: ~113 words
Content preview:
  1 § Det avtal för undvikande av dubbelbeskattning och förhindrande av
skatteflykt beträffande skatter på inkomst och förmögenhet som Sverige
och Singapore undertecknade den 17 juni 1968, i den lydelse...
  ... (532 more characters)

[3/4] Creating embeddings and vector store...
Loading embedding model (this may take a moment on first run)...
Loading base model: jealk/llm2vec-scandi-mntp-v2
Device: cuda:0, Dtype: torch.bfloat16
WARNING: base_model already has peft_config; deleting to avoid stacked adapters
Loading supervised adapter: jealk/TTC-L2V-supervised-2
Merging adapters into base model...
Wrapping model with LLM2Vec...
Model loaded successfully!
Embedding model loaded.
Creating vector store in ./chroma_db_pipeline...
Collection name: sfs_paragraphs
Similarity metric: cosine
